2025-10-23 16:46:32 [main] INFO  ktor.application - Autoreload is disabled because the development mode is off.
2025-10-23 16:46:32 [main] INFO  ktor.application - Application started in 0.245 seconds.
2025-10-23 16:46:32 [DefaultDispatcher-worker-1] INFO  ktor.application - Responding at http://0.0.0.0:8080
2025-10-23 16:50:25 [eventLoopGroupProxy-4-1] INFO  servicesV1.UserService - Attempting to register new user: f@example.com
2025-10-23 16:50:25 [eventLoopGroupProxy-4-1] INFO  servicesV1.UserService - Attempting to register new user: f@example.com
2025-10-23 16:50:25 [eventLoopGroupProxy-4-1] INFO  repositories.v1.DBResidentialRepository - Retrieving residential ID by address: f
2025-10-23 16:50:25 [eventLoopGroupProxy-4-1] INFO  repositories.v1.DBUserRepository - Adding new user: User(id=e7abae28-dc98-48c1-8dad-6a6533c6ab58, fio=f f f, email=f@example.com, password=ffffffff, residentialId=5683c651-e5d8-4144-a7a7-e03655f549b3, role=RESIDENT)
2025-10-23 16:50:25 [DefaultDispatcher-worker-1] INFO  repositories.v1.DBUserRepository - Start adding
2025-10-23 16:50:25 [DefaultDispatcher-worker-1] INFO  repositories.v1.DBUserRepository - User added successfully with id=e7abae28-dc98-48c1-8dad-6a6533c6ab58
2025-10-23 16:50:25 [DefaultDispatcher-worker-1] INFO  repositories.v1.DBUserRepository - Super good success
2025-10-23 16:50:25 [eventLoopGroupProxy-4-1] INFO  servicesV1.UserService - User f f f registered successfully
2025-10-23 16:50:25 [eventLoopGroupProxy-4-1] INFO  servicesV1.UserService - User f f f registered successfully
2025-10-23 17:01:03 [main] INFO  ktor.application - Autoreload is disabled because the development mode is off.
2025-10-23 17:01:03 [main] INFO  ktor.application - Application started in 0.22 seconds.
2025-10-23 17:01:03 [DefaultDispatcher-worker-1] INFO  ktor.application - Responding at http://0.0.0.0:8080
2025-10-23 17:03:54 [main] INFO  ktor.application - Autoreload is disabled because the development mode is off.
2025-10-23 17:03:54 [main] INFO  ktor.application - Application started in 0.214 seconds.
2025-10-23 17:03:54 [DefaultDispatcher-worker-1] INFO  ktor.application - Responding at http://0.0.0.0:8080
2025-10-23 17:04:30 [main] INFO  ktor.application - Autoreload is disabled because the development mode is off.
2025-10-23 17:04:30 [main] INFO  ktor.application - Application started in 0.204 seconds.
2025-10-23 17:04:30 [DefaultDispatcher-worker-1] INFO  ktor.application - Responding at http://0.0.0.0:8080
2025-10-23 17:04:46 [eventLoopGroupProxy-4-2] INFO  servicesV1.UserService - Attempting to authorize user with email: nisu@example.com
2025-10-23 17:04:46 [eventLoopGroupProxy-4-2] INFO  servicesV1.UserService - Attempting to authorize user with email: nisu@example.com
2025-10-23 17:04:46 [eventLoopGroupProxy-4-2] INFO  repositories.v1.DBUserRepository - Retrieving user by email='nisu@example.com' and password
2025-10-23 17:04:46 [DefaultDispatcher-worker-1] WARN  repositories.v1.DBUserRepository - No user found for email='nisu@example.com' or wrong password
2025-10-23 17:04:46 [eventLoopGroupProxy-4-2] ERROR servicesV1.UserService - Error authorizing user with email: nisu@example.com
errors.RepositoryException$NotFoundException: User with email 'nisu@example.com' not found or wrong password
	at repositories.v1.DBUserRepository$getUserByEmailPassword$2.invoke(DBUserRepository.kt:108)
	at repositories.v1.DBUserRepository$getUserByEmailPassword$2.invoke(DBUserRepository.kt:95)
	at DatabaseFactory$dbQuery$2.invokeSuspend(DatabaseFactory.kt:35)
	at kotlin.coroutines.jvm.internal.BaseContinuationImpl.resumeWith(ContinuationImpl.kt:33)
	at kotlinx.coroutines.DispatchedTask.run(DispatchedTask.kt:108)
	at kotlinx.coroutines.internal.LimitedDispatcher$Worker.run(LimitedDispatcher.kt:115)
	at kotlinx.coroutines.scheduling.TaskImpl.run(Tasks.kt:103)
	at kotlinx.coroutines.scheduling.CoroutineScheduler.runSafely(CoroutineScheduler.kt:584)
	at kotlinx.coroutines.scheduling.CoroutineScheduler$Worker.executeTask(CoroutineScheduler.kt:793)
	at kotlinx.coroutines.scheduling.CoroutineScheduler$Worker.runWorker(CoroutineScheduler.kt:697)
	at kotlinx.coroutines.scheduling.CoroutineScheduler$Worker.run(CoroutineScheduler.kt:684)
2025-10-23 17:04:46 [eventLoopGroupProxy-4-2] ERROR servicesV1.UserService - Error authorizing user with email: nisu@example.com
errors.RepositoryException$NotFoundException: User with email 'nisu@example.com' not found or wrong password
	at repositories.v1.DBUserRepository$getUserByEmailPassword$2.invoke(DBUserRepository.kt:108)
	at repositories.v1.DBUserRepository$getUserByEmailPassword$2.invoke(DBUserRepository.kt:95)
	at DatabaseFactory$dbQuery$2.invokeSuspend(DatabaseFactory.kt:35)
	at kotlin.coroutines.jvm.internal.BaseContinuationImpl.resumeWith(ContinuationImpl.kt:33)
	at kotlinx.coroutines.DispatchedTask.run(DispatchedTask.kt:108)
	at kotlinx.coroutines.internal.LimitedDispatcher$Worker.run(LimitedDispatcher.kt:115)
	at kotlinx.coroutines.scheduling.TaskImpl.run(Tasks.kt:103)
	at kotlinx.coroutines.scheduling.CoroutineScheduler.runSafely(CoroutineScheduler.kt:584)
	at kotlinx.coroutines.scheduling.CoroutineScheduler$Worker.executeTask(CoroutineScheduler.kt:793)
	at kotlinx.coroutines.scheduling.CoroutineScheduler$Worker.runWorker(CoroutineScheduler.kt:697)
	at kotlinx.coroutines.scheduling.CoroutineScheduler$Worker.run(CoroutineScheduler.kt:684)
2025-10-23 17:04:46 [eventLoopGroupProxy-4-2] ERROR ktor.application - Unhandled: POST - /api/v2/users/authorize
errors.RepositoryException$NotFoundException: User with email 'nisu@example.com' not found or wrong password
	at repositories.v1.DBUserRepository$getUserByEmailPassword$2.invoke(DBUserRepository.kt:108)
	at repositories.v1.DBUserRepository$getUserByEmailPassword$2.invoke(DBUserRepository.kt:95)
	at DatabaseFactory$dbQuery$2.invokeSuspend(DatabaseFactory.kt:35)
	at kotlin.coroutines.jvm.internal.BaseContinuationImpl.resumeWith(ContinuationImpl.kt:33)
	at kotlinx.coroutines.DispatchedTask.run(DispatchedTask.kt:108)
	at kotlinx.coroutines.internal.LimitedDispatcher$Worker.run(LimitedDispatcher.kt:115)
	at kotlinx.coroutines.scheduling.TaskImpl.run(Tasks.kt:103)
	at kotlinx.coroutines.scheduling.CoroutineScheduler.runSafely(CoroutineScheduler.kt:584)
	at kotlinx.coroutines.scheduling.CoroutineScheduler$Worker.executeTask(CoroutineScheduler.kt:793)
	at kotlinx.coroutines.scheduling.CoroutineScheduler$Worker.runWorker(CoroutineScheduler.kt:697)
	at kotlinx.coroutines.scheduling.CoroutineScheduler$Worker.run(CoroutineScheduler.kt:684)
2025-10-23 17:28:25 [main] INFO  ktor.application - Autoreload is disabled because the development mode is off.
2025-10-23 17:28:25 [main] INFO  ktor.application - Application started in 0.225 seconds.
2025-10-23 17:28:25 [DefaultDispatcher-worker-1] INFO  ktor.application - Responding at http://0.0.0.0:8080
2025-10-23 17:34:04 [eventLoopGroupProxy-4-4] INFO  servicesV1.UserService - Attempting to register new user: f@example.com
2025-10-23 17:34:04 [eventLoopGroupProxy-4-4] INFO  servicesV1.UserService - Attempting to register new user: f@example.com
2025-10-23 17:34:04 [eventLoopGroupProxy-4-4] INFO  repositories.v1.DBResidentialRepository - Retrieving residential ID by address: f
2025-10-23 17:34:04 [eventLoopGroupProxy-4-4] INFO  repositories.v1.DBUserRepository - Adding new user: User(id=2d6210b1-a6ef-47ce-9fd0-5fb605bb74e4, fio=f f f, email=f@example.com, password=ffffffff, residentialId=f49a0df9-fd71-4064-8660-d65e19c3202a, role=RESIDENT)
2025-10-23 17:34:04 [DefaultDispatcher-worker-1] INFO  repositories.v1.DBUserRepository - Start adding
2025-10-23 17:34:04 [DefaultDispatcher-worker-1] INFO  repositories.v1.DBUserRepository - User added successfully with id=2d6210b1-a6ef-47ce-9fd0-5fb605bb74e4
2025-10-23 17:34:04 [DefaultDispatcher-worker-1] INFO  repositories.v1.DBUserRepository - Super good success
2025-10-23 17:34:04 [eventLoopGroupProxy-4-4] INFO  servicesV1.UserService - User f f f registered successfully
2025-10-23 17:34:04 [eventLoopGroupProxy-4-4] INFO  servicesV1.UserService - User f f f registered successfully
2025-10-23 17:34:57 [main] INFO  ktor.application - Autoreload is disabled because the development mode is off.
2025-10-23 17:34:57 [main] INFO  ktor.application - Application started in 0.31 seconds.
2025-10-23 17:34:58 [DefaultDispatcher-worker-1] INFO  ktor.application - Responding at http://0.0.0.0:8080
2025-10-23 17:35:57 [main] INFO  ktor.application - Autoreload is disabled because the development mode is off.
2025-10-23 17:35:58 [main] INFO  ktor.application - Application started in 0.211 seconds.
2025-10-23 17:35:58 [DefaultDispatcher-worker-1] INFO  ktor.application - Responding at http://0.0.0.0:8080
2025-10-23 17:40:35 [main] INFO  ktor.application - Autoreload is disabled because the development mode is off.
2025-10-23 17:40:36 [main] INFO  ktor.application - Application started in 0.228 seconds.
2025-10-23 17:40:36 [DefaultDispatcher-worker-1] INFO  ktor.application - Responding at http://0.0.0.0:8080
2025-10-23 17:45:46 [main] INFO  ktor.application - Autoreload is disabled because the development mode is off.
2025-10-23 17:45:46 [main] INFO  ktor.application - Application started in 0.305 seconds.
2025-10-23 17:45:46 [DefaultDispatcher-worker-1] INFO  ktor.application - Responding at http://0.0.0.0:8080
2025-10-23 17:47:03 [main] INFO  ktor.application - Autoreload is disabled because the development mode is off.
2025-10-23 17:47:03 [main] INFO  ktor.application - Application started in 0.595 seconds.
2025-10-23 17:47:04 [DefaultDispatcher-worker-1] INFO  ktor.application - Responding at http://0.0.0.0:8080
2025-10-23 17:53:54 [main] INFO  ktor.application - Autoreload is disabled because the development mode is off.
2025-10-23 17:53:54 [main] INFO  ktor.application - Application started in 0.234 seconds.
2025-10-23 17:53:54 [DefaultDispatcher-worker-1] INFO  ktor.application - Responding at http://0.0.0.0:8080
2025-10-23 17:56:25 [eventLoopGroupProxy-4-2] INFO  servicesV1.UserService - Attempting to authorize user with email: user@example.com
2025-10-23 17:56:25 [eventLoopGroupProxy-4-2] INFO  servicesV1.UserService - Attempting to authorize user with email: user@example.com
2025-10-23 17:56:25 [eventLoopGroupProxy-4-2] ERROR servicesV1.UserService - Invalid password format for email: user@example.com
2025-10-23 17:56:25 [eventLoopGroupProxy-4-2] ERROR servicesV1.UserService - Invalid password format for email: user@example.com
2025-10-23 17:58:20 [eventLoopGroupProxy-4-4] INFO  servicesV1.UserService - Attempting to authorize user with email: nisu@example.com
2025-10-23 17:58:20 [eventLoopGroupProxy-4-4] INFO  servicesV1.UserService - Attempting to authorize user with email: nisu@example.com
2025-10-23 17:58:20 [eventLoopGroupProxy-4-4] INFO  repositories.v1.DBUserRepository - Retrieving user by email='nisu@example.com' and password
2025-10-23 17:58:20 [DefaultDispatcher-worker-1] WARN  repositories.v1.DBUserRepository - No user found for email='nisu@example.com' or wrong password
2025-10-23 17:58:20 [eventLoopGroupProxy-4-4] ERROR servicesV1.UserService - Error authorizing user with email: nisu@example.com
errors.RepositoryException$NotFoundException: User with email 'nisu@example.com' not found or wrong password
	at repositories.v1.DBUserRepository$getUserByEmailPassword$2.invoke(DBUserRepository.kt:108)
	at repositories.v1.DBUserRepository$getUserByEmailPassword$2.invoke(DBUserRepository.kt:95)
	at DatabaseFactory$dbQuery$2.invokeSuspend(DatabaseFactory.kt:35)
	at kotlin.coroutines.jvm.internal.BaseContinuationImpl.resumeWith(ContinuationImpl.kt:33)
	at kotlinx.coroutines.DispatchedTask.run(DispatchedTask.kt:108)
	at kotlinx.coroutines.internal.LimitedDispatcher$Worker.run(LimitedDispatcher.kt:115)
	at kotlinx.coroutines.scheduling.TaskImpl.run(Tasks.kt:103)
	at kotlinx.coroutines.scheduling.CoroutineScheduler.runSafely(CoroutineScheduler.kt:584)
	at kotlinx.coroutines.scheduling.CoroutineScheduler$Worker.executeTask(CoroutineScheduler.kt:793)
	at kotlinx.coroutines.scheduling.CoroutineScheduler$Worker.runWorker(CoroutineScheduler.kt:697)
	at kotlinx.coroutines.scheduling.CoroutineScheduler$Worker.run(CoroutineScheduler.kt:684)
2025-10-23 17:58:20 [eventLoopGroupProxy-4-4] ERROR servicesV1.UserService - Error authorizing user with email: nisu@example.com
errors.RepositoryException$NotFoundException: User with email 'nisu@example.com' not found or wrong password
	at repositories.v1.DBUserRepository$getUserByEmailPassword$2.invoke(DBUserRepository.kt:108)
	at repositories.v1.DBUserRepository$getUserByEmailPassword$2.invoke(DBUserRepository.kt:95)
	at DatabaseFactory$dbQuery$2.invokeSuspend(DatabaseFactory.kt:35)
	at kotlin.coroutines.jvm.internal.BaseContinuationImpl.resumeWith(ContinuationImpl.kt:33)
	at kotlinx.coroutines.DispatchedTask.run(DispatchedTask.kt:108)
	at kotlinx.coroutines.internal.LimitedDispatcher$Worker.run(LimitedDispatcher.kt:115)
	at kotlinx.coroutines.scheduling.TaskImpl.run(Tasks.kt:103)
	at kotlinx.coroutines.scheduling.CoroutineScheduler.runSafely(CoroutineScheduler.kt:584)
	at kotlinx.coroutines.scheduling.CoroutineScheduler$Worker.executeTask(CoroutineScheduler.kt:793)
	at kotlinx.coroutines.scheduling.CoroutineScheduler$Worker.runWorker(CoroutineScheduler.kt:697)
	at kotlinx.coroutines.scheduling.CoroutineScheduler$Worker.run(CoroutineScheduler.kt:684)
2025-10-23 17:58:20 [eventLoopGroupProxy-4-4] ERROR ktor.application - Unhandled: POST - /api/v2/users/authorize
errors.RepositoryException$NotFoundException: User with email 'nisu@example.com' not found or wrong password
	at repositories.v1.DBUserRepository$getUserByEmailPassword$2.invoke(DBUserRepository.kt:108)
	at repositories.v1.DBUserRepository$getUserByEmailPassword$2.invoke(DBUserRepository.kt:95)
	at DatabaseFactory$dbQuery$2.invokeSuspend(DatabaseFactory.kt:35)
	at kotlin.coroutines.jvm.internal.BaseContinuationImpl.resumeWith(ContinuationImpl.kt:33)
	at kotlinx.coroutines.DispatchedTask.run(DispatchedTask.kt:108)
	at kotlinx.coroutines.internal.LimitedDispatcher$Worker.run(LimitedDispatcher.kt:115)
	at kotlinx.coroutines.scheduling.TaskImpl.run(Tasks.kt:103)
	at kotlinx.coroutines.scheduling.CoroutineScheduler.runSafely(CoroutineScheduler.kt:584)
	at kotlinx.coroutines.scheduling.CoroutineScheduler$Worker.executeTask(CoroutineScheduler.kt:793)
	at kotlinx.coroutines.scheduling.CoroutineScheduler$Worker.runWorker(CoroutineScheduler.kt:697)
	at kotlinx.coroutines.scheduling.CoroutineScheduler$Worker.run(CoroutineScheduler.kt:684)
2025-10-23 18:03:57 [main] INFO  ktor.application - Autoreload is disabled because the development mode is off.
2025-10-23 18:03:58 [main] INFO  ktor.application - Application started in 0.216 seconds.
2025-10-23 18:03:58 [DefaultDispatcher-worker-1] INFO  ktor.application - Responding at http://0.0.0.0:8080
2025-10-23 18:06:19 [eventLoopGroupProxy-4-2] INFO  servicesV1.UserService - Attempting to register new user: user@example.com
2025-10-23 18:06:19 [eventLoopGroupProxy-4-2] INFO  servicesV1.UserService - Attempting to register new user: user@example.com
2025-10-23 18:06:19 [eventLoopGroupProxy-4-2] INFO  repositories.v1.DBResidentialRepository - Retrieving residential ID by address: string
2025-10-23 18:06:19 [DefaultDispatcher-worker-1] WARN  repositories.v1.DBResidentialRepository - No residential found for address=string
2025-10-23 18:06:19 [eventLoopGroupProxy-4-2] ERROR servicesV1.UserService - Error registering user user@example.com
errors.RepositoryException$NotFoundException: Residential with address=string not found
	at repositories.v1.DBResidentialRepository$getResidentialIdByAddress$2.invoke(DBResidentialRepository.kt:105)
	at repositories.v1.DBResidentialRepository$getResidentialIdByAddress$2.invoke(DBResidentialRepository.kt:93)
	at DatabaseFactory$dbQuery$2.invokeSuspend(DatabaseFactory.kt:35)
	at kotlin.coroutines.jvm.internal.BaseContinuationImpl.resumeWith(ContinuationImpl.kt:33)
	at kotlinx.coroutines.DispatchedTask.run(DispatchedTask.kt:108)
	at kotlinx.coroutines.internal.LimitedDispatcher$Worker.run(LimitedDispatcher.kt:115)
	at kotlinx.coroutines.scheduling.TaskImpl.run(Tasks.kt:103)
	at kotlinx.coroutines.scheduling.CoroutineScheduler.runSafely(CoroutineScheduler.kt:584)
	at kotlinx.coroutines.scheduling.CoroutineScheduler$Worker.executeTask(CoroutineScheduler.kt:793)
	at kotlinx.coroutines.scheduling.CoroutineScheduler$Worker.runWorker(CoroutineScheduler.kt:697)
	at kotlinx.coroutines.scheduling.CoroutineScheduler$Worker.run(CoroutineScheduler.kt:684)
2025-10-23 18:06:19 [eventLoopGroupProxy-4-2] ERROR servicesV1.UserService - Error registering user user@example.com
errors.RepositoryException$NotFoundException: Residential with address=string not found
	at repositories.v1.DBResidentialRepository$getResidentialIdByAddress$2.invoke(DBResidentialRepository.kt:105)
	at repositories.v1.DBResidentialRepository$getResidentialIdByAddress$2.invoke(DBResidentialRepository.kt:93)
	at DatabaseFactory$dbQuery$2.invokeSuspend(DatabaseFactory.kt:35)
	at kotlin.coroutines.jvm.internal.BaseContinuationImpl.resumeWith(ContinuationImpl.kt:33)
	at kotlinx.coroutines.DispatchedTask.run(DispatchedTask.kt:108)
	at kotlinx.coroutines.internal.LimitedDispatcher$Worker.run(LimitedDispatcher.kt:115)
	at kotlinx.coroutines.scheduling.TaskImpl.run(Tasks.kt:103)
	at kotlinx.coroutines.scheduling.CoroutineScheduler.runSafely(CoroutineScheduler.kt:584)
	at kotlinx.coroutines.scheduling.CoroutineScheduler$Worker.executeTask(CoroutineScheduler.kt:793)
	at kotlinx.coroutines.scheduling.CoroutineScheduler$Worker.runWorker(CoroutineScheduler.kt:697)
	at kotlinx.coroutines.scheduling.CoroutineScheduler$Worker.run(CoroutineScheduler.kt:684)
2025-10-23 18:06:19 [eventLoopGroupProxy-4-2] ERROR ktor.application - Unhandled: POST - /api/v1/user/register
errors.RepositoryException$NotFoundException: Residential with address=string not found
	at repositories.v1.DBResidentialRepository$getResidentialIdByAddress$2.invoke(DBResidentialRepository.kt:105)
	at repositories.v1.DBResidentialRepository$getResidentialIdByAddress$2.invoke(DBResidentialRepository.kt:93)
	at DatabaseFactory$dbQuery$2.invokeSuspend(DatabaseFactory.kt:35)
	at kotlin.coroutines.jvm.internal.BaseContinuationImpl.resumeWith(ContinuationImpl.kt:33)
	at kotlinx.coroutines.DispatchedTask.run(DispatchedTask.kt:108)
	at kotlinx.coroutines.internal.LimitedDispatcher$Worker.run(LimitedDispatcher.kt:115)
	at kotlinx.coroutines.scheduling.TaskImpl.run(Tasks.kt:103)
	at kotlinx.coroutines.scheduling.CoroutineScheduler.runSafely(CoroutineScheduler.kt:584)
	at kotlinx.coroutines.scheduling.CoroutineScheduler$Worker.executeTask(CoroutineScheduler.kt:793)
	at kotlinx.coroutines.scheduling.CoroutineScheduler$Worker.runWorker(CoroutineScheduler.kt:697)
	at kotlinx.coroutines.scheduling.CoroutineScheduler$Worker.run(CoroutineScheduler.kt:684)
2025-10-23 18:12:50 [eventLoopGroupProxy-4-3] INFO  servicesV1.UserService - Attempting to authorize user with email: nisu@example.com
2025-10-23 18:12:50 [eventLoopGroupProxy-4-3] INFO  servicesV1.UserService - Attempting to authorize user with email: nisu@example.com
2025-10-23 18:12:50 [eventLoopGroupProxy-4-3] INFO  repositories.v1.DBUserRepository - Retrieving user by email='nisu@example.com' and password
2025-10-23 18:12:50 [DefaultDispatcher-worker-1] WARN  repositories.v1.DBUserRepository - No user found for email='nisu@example.com' or wrong password
2025-10-23 18:12:50 [eventLoopGroupProxy-4-3] ERROR servicesV1.UserService - Error authorizing user with email: nisu@example.com
errors.RepositoryException$NotFoundException: User with email 'nisu@example.com' not found or wrong password
	at repositories.v1.DBUserRepository$getUserByEmailPassword$2.invoke(DBUserRepository.kt:108)
	at repositories.v1.DBUserRepository$getUserByEmailPassword$2.invoke(DBUserRepository.kt:95)
	at DatabaseFactory$dbQuery$2.invokeSuspend(DatabaseFactory.kt:35)
	at kotlin.coroutines.jvm.internal.BaseContinuationImpl.resumeWith(ContinuationImpl.kt:33)
	at kotlinx.coroutines.DispatchedTask.run(DispatchedTask.kt:108)
	at kotlinx.coroutines.internal.LimitedDispatcher$Worker.run(LimitedDispatcher.kt:115)
	at kotlinx.coroutines.scheduling.TaskImpl.run(Tasks.kt:103)
	at kotlinx.coroutines.scheduling.CoroutineScheduler.runSafely(CoroutineScheduler.kt:584)
	at kotlinx.coroutines.scheduling.CoroutineScheduler$Worker.executeTask(CoroutineScheduler.kt:793)
	at kotlinx.coroutines.scheduling.CoroutineScheduler$Worker.runWorker(CoroutineScheduler.kt:697)
	at kotlinx.coroutines.scheduling.CoroutineScheduler$Worker.run(CoroutineScheduler.kt:684)
2025-10-23 18:12:50 [eventLoopGroupProxy-4-3] ERROR servicesV1.UserService - Error authorizing user with email: nisu@example.com
errors.RepositoryException$NotFoundException: User with email 'nisu@example.com' not found or wrong password
	at repositories.v1.DBUserRepository$getUserByEmailPassword$2.invoke(DBUserRepository.kt:108)
	at repositories.v1.DBUserRepository$getUserByEmailPassword$2.invoke(DBUserRepository.kt:95)
	at DatabaseFactory$dbQuery$2.invokeSuspend(DatabaseFactory.kt:35)
	at kotlin.coroutines.jvm.internal.BaseContinuationImpl.resumeWith(ContinuationImpl.kt:33)
	at kotlinx.coroutines.DispatchedTask.run(DispatchedTask.kt:108)
	at kotlinx.coroutines.internal.LimitedDispatcher$Worker.run(LimitedDispatcher.kt:115)
	at kotlinx.coroutines.scheduling.TaskImpl.run(Tasks.kt:103)
	at kotlinx.coroutines.scheduling.CoroutineScheduler.runSafely(CoroutineScheduler.kt:584)
	at kotlinx.coroutines.scheduling.CoroutineScheduler$Worker.executeTask(CoroutineScheduler.kt:793)
	at kotlinx.coroutines.scheduling.CoroutineScheduler$Worker.runWorker(CoroutineScheduler.kt:697)
	at kotlinx.coroutines.scheduling.CoroutineScheduler$Worker.run(CoroutineScheduler.kt:684)
2025-10-23 18:12:50 [eventLoopGroupProxy-4-3] ERROR ktor.application - Unhandled: POST - /api/v2/users/authorize
errors.RepositoryException$NotFoundException: User with email 'nisu@example.com' not found or wrong password
	at repositories.v1.DBUserRepository$getUserByEmailPassword$2.invoke(DBUserRepository.kt:108)
	at repositories.v1.DBUserRepository$getUserByEmailPassword$2.invoke(DBUserRepository.kt:95)
	at DatabaseFactory$dbQuery$2.invokeSuspend(DatabaseFactory.kt:35)
	at kotlin.coroutines.jvm.internal.BaseContinuationImpl.resumeWith(ContinuationImpl.kt:33)
	at kotlinx.coroutines.DispatchedTask.run(DispatchedTask.kt:108)
	at kotlinx.coroutines.internal.LimitedDispatcher$Worker.run(LimitedDispatcher.kt:115)
	at kotlinx.coroutines.scheduling.TaskImpl.run(Tasks.kt:103)
	at kotlinx.coroutines.scheduling.CoroutineScheduler.runSafely(CoroutineScheduler.kt:584)
	at kotlinx.coroutines.scheduling.CoroutineScheduler$Worker.executeTask(CoroutineScheduler.kt:793)
	at kotlinx.coroutines.scheduling.CoroutineScheduler$Worker.runWorker(CoroutineScheduler.kt:697)
	at kotlinx.coroutines.scheduling.CoroutineScheduler$Worker.run(CoroutineScheduler.kt:684)
2025-10-23 18:21:22 [main] INFO  ktor.application - Autoreload is disabled because the development mode is off.
2025-10-23 18:21:22 [main] INFO  ktor.application - Application started in 0.29 seconds.
2025-10-23 18:21:22 [DefaultDispatcher-worker-1] INFO  ktor.application - Responding at http://0.0.0.0:8080
2025-10-23 18:22:34 [main] INFO  ktor.application - Autoreload is disabled because the development mode is off.
2025-10-23 18:22:34 [main] INFO  ktor.application - Application started in 0.315 seconds.
2025-10-23 18:22:34 [DefaultDispatcher-worker-1] INFO  ktor.application - Responding at http://0.0.0.0:8080
2025-10-23 18:24:36 [main] INFO  ktor.application - Autoreload is disabled because the development mode is off.
2025-10-23 18:24:36 [main] INFO  ktor.application - Application started in 0.259 seconds.
2025-10-23 18:24:37 [DefaultDispatcher-worker-1] INFO  ktor.application - Responding at http://0.0.0.0:8080
2025-10-23 18:29:53 [main] INFO  ktor.application - Autoreload is disabled because the development mode is off.
2025-10-23 18:29:53 [main] INFO  ktor.application - Application started in 0.233 seconds.
2025-10-23 18:29:53 [DefaultDispatcher-worker-1] INFO  ktor.application - Responding at http://0.0.0.0:8080
2025-10-23 18:32:11 [main] INFO  ktor.application - Autoreload is disabled because the development mode is off.
2025-10-23 18:32:11 [main] INFO  ktor.application - Application started in 0.247 seconds.
2025-10-23 18:32:11 [DefaultDispatcher-worker-2] INFO  ktor.application - Responding at http://0.0.0.0:8080
2025-10-23 19:07:34 [main] INFO  ktor.application - Autoreload is disabled because the development mode is off.
2025-10-23 19:07:34 [main] INFO  ktor.application - Application started in 0.23 seconds.
2025-10-23 19:07:34 [DefaultDispatcher-worker-1] INFO  ktor.application - Responding at http://0.0.0.0:8080
2025-10-23 19:08:39 [eventLoopGroupProxy-4-3] INFO  servicesV1.UserService - Attempting to authorize user with email: nisu@example.com
2025-10-23 19:08:39 [eventLoopGroupProxy-4-3] INFO  servicesV1.UserService - Attempting to authorize user with email: nisu@example.com
2025-10-23 19:08:39 [eventLoopGroupProxy-4-3] INFO  repositories.v1.DBUserRepository - Retrieving user by email='nisu@example.com' and password
2025-10-24 09:14:20 [main] INFO  ktor.application - Autoreload is disabled because the development mode is off.
2025-10-24 09:14:20 [main] INFO  ktor.application - Application started in 0.281 seconds.
2025-10-24 09:14:20 [DefaultDispatcher-worker-1] INFO  ktor.application - Responding at http://0.0.0.0:8080
2025-10-24 09:15:44 [eventLoopGroupProxy-4-6] INFO  servicesV1.UserService - Attempting to authorize user with email: nisu@example.com
2025-10-24 09:15:44 [eventLoopGroupProxy-4-6] INFO  servicesV1.UserService - Attempting to authorize user with email: nisu@example.com
2025-10-24 09:15:44 [eventLoopGroupProxy-4-6] INFO  repositories.v1.DBUserRepository - Retrieving user by email='nisu@example.com' and password
2025-10-24 09:16:38 [eventLoopGroupProxy-4-8] ERROR ktor.application - Unhandled: GET - /api/v2/reservations
errors.RepositoryException$NotFoundException: Checkpoints not found
	at repositories.v2.DBReservationRepositoryV2$getAll$reservations$1.invoke(DBReservationRepositoryV2.kt:102)
	at repositories.v2.DBReservationRepositoryV2$getAll$reservations$1.invoke(DBReservationRepositoryV2.kt:85)
	at DatabaseFactory$dbQuery$2.invokeSuspend(DatabaseFactory.kt:35)
	at kotlin.coroutines.jvm.internal.BaseContinuationImpl.resumeWith(ContinuationImpl.kt:33)
	at kotlinx.coroutines.DispatchedTask.run(DispatchedTask.kt:108)
	at kotlinx.coroutines.internal.LimitedDispatcher$Worker.run(LimitedDispatcher.kt:115)
	at kotlinx.coroutines.scheduling.TaskImpl.run(Tasks.kt:103)
	at kotlinx.coroutines.scheduling.CoroutineScheduler.runSafely(CoroutineScheduler.kt:584)
	at kotlinx.coroutines.scheduling.CoroutineScheduler$Worker.executeTask(CoroutineScheduler.kt:793)
	at kotlinx.coroutines.scheduling.CoroutineScheduler$Worker.runWorker(CoroutineScheduler.kt:697)
	at kotlinx.coroutines.scheduling.CoroutineScheduler$Worker.run(CoroutineScheduler.kt:684)
2025-10-24 09:17:10 [eventLoopGroupProxy-4-1] INFO  repositories.v1.DBUserTransportRepository - Adding user transport: UserTransport(id=70fcd01a-5999-46a6-a6fb-8fe6ba0ea4cf, userId=a3f27541-46e2-4b00-93f9-cfc78ce388d6, transportId=6b2a532e-e4f7-4d8f-a058-91a8089bbe7a)
